// component: (top level)
// library: work
// files:
/home/mzm/git_work/npu/rtl/coreC/dw_iip_axi_mem/src/DW_axi_cc_constants.v
/home/mzm/git_work/npu/rtl/coreC/dw_iip_axi_mem/src/DW_axi_constants.v
/home/mzm/git_work/npu/rtl/coreC/dw_iip_axi_mem/src/DW_axi_bcm_params.v
/home/mzm/git_work/npu/rtl/coreC/dw_iip_axi_mem/src/DW_axi_bcm01.v
/home/mzm/git_work/npu/rtl/coreC/dw_iip_axi_mem/src/DW_axi_bcm06.v
/home/mzm/git_work/npu/rtl/coreC/dw_iip_axi_mem/src/DW_axi_arbiter_fae.v
/home/mzm/git_work/npu/rtl/coreC/dw_iip_axi_mem/src/DW_axi_arbiter_fcfs.v
/home/mzm/git_work/npu/rtl/coreC/dw_iip_axi_mem/src/DW_axi_bcm57.v
/home/mzm/git_work/npu/rtl/coreC/dw_iip_axi_mem/src/DW_axi_arbiter_dp.v
/home/mzm/git_work/npu/rtl/coreC/dw_iip_axi_mem/src/DW_axi_busmux.v
/home/mzm/git_work/npu/rtl/coreC/dw_iip_axi_mem/src/DW_axi_busdemux.v
/home/mzm/git_work/npu/rtl/coreC/dw_iip_axi_mem/src/DW_axi_multibusmux.v
/home/mzm/git_work/npu/rtl/coreC/dw_iip_axi_mem/src/DW_axi_busmux_ohsel.v
/home/mzm/git_work/npu/rtl/coreC/dw_iip_axi_mem/src/DW_axi_systolcl.v
/home/mzm/git_work/npu/rtl/coreC/dw_iip_axi_mem/src/DW_axi_lcltosys.v
/home/mzm/git_work/npu/rtl/coreC/dw_iip_axi_mem/src/DW_axi_irs.v
/home/mzm/git_work/npu/rtl/coreC/dw_iip_axi_mem/src/DW_axi_irs_arbpl.v
/home/mzm/git_work/npu/rtl/coreC/dw_iip_axi_mem/src/DW_axi_dcdr.v
/home/mzm/git_work/npu/rtl/coreC/dw_iip_axi_mem/src/DW_axi_mca_reqhold.v
/home/mzm/git_work/npu/rtl/coreC/dw_iip_axi_mem/src/DW_axi_arbpl.v
/home/mzm/git_work/npu/rtl/coreC/dw_iip_axi_mem/src/DW_axi_arb.v
/home/mzm/git_work/npu/rtl/coreC/dw_iip_axi_mem/src/DW_axi_mp_tzone.v
/home/mzm/git_work/npu/rtl/coreC/dw_iip_axi_mem/src/DW_axi_mp_idmask.v
/home/mzm/git_work/npu/rtl/coreC/dw_iip_axi_mem/src/DW_axi_mp_addrch.v
/home/mzm/git_work/npu/rtl/coreC/dw_iip_axi_mem/src/DW_axi_mp_drespch.v
/home/mzm/git_work/npu/rtl/coreC/dw_iip_axi_mem/src/DW_axi_mp_wdatach.v
/home/mzm/git_work/npu/rtl/coreC/dw_iip_axi_mem/src/DW_axi_aw_mtile_dlock.v
/home/mzm/git_work/npu/rtl/coreC/dw_iip_axi_mem/src/DW_axi_mp.v
/home/mzm/git_work/npu/rtl/coreC/dw_iip_axi_mem/src/DW_axi_sp_addrch.v
/home/mzm/git_work/npu/rtl/coreC/dw_iip_axi_mem/src/DW_axi_lockdec.v
/home/mzm/git_work/npu/rtl/coreC/dw_iip_axi_mem/src/DW_axi_sp_lockarb.v
/home/mzm/git_work/npu/rtl/coreC/dw_iip_axi_mem/src/DW_axi_sp_drespch.v
/home/mzm/git_work/npu/rtl/coreC/dw_iip_axi_mem/src/DW_axi_fifo_s1_sf.v
/home/mzm/git_work/npu/rtl/coreC/dw_iip_axi_mem/src/DW_axi_sp_wrorder.v
/home/mzm/git_work/npu/rtl/coreC/dw_iip_axi_mem/src/DW_axi_sp_shrd_wrorder.v
/home/mzm/git_work/npu/rtl/coreC/dw_iip_axi_mem/src/DW_axi_sp_wdatach.v
/home/mzm/git_work/npu/rtl/coreC/dw_iip_axi_mem/src/DW_axi_sp.v
/home/mzm/git_work/npu/rtl/coreC/dw_iip_axi_mem/src/DW_axi_sp_shrd.v
/home/mzm/git_work/npu/rtl/coreC/dw_iip_axi_mem/src/DW_axi_mp_shrd.v
/home/mzm/git_work/npu/rtl/coreC/dw_iip_axi_mem/src/DW_axi_dfltslv.v
/home/mzm/git_work/npu/rtl/coreC/dw_iip_axi_mem/src/DW_axi_dlock_cnt.v
/home/mzm/git_work/npu/rtl/coreC/dw_iip_axi_mem/src/DW_axi_dlock_mux.v
/home/mzm/git_work/npu/rtl/coreC/dw_iip_axi_mem/src/DW_axi_lpfsm.v
/home/mzm/git_work/npu/rtl/coreC/dw_iip_axi_mem/src/DW_axi_lp.v
/home/mzm/git_work/npu/rtl/coreC/dw_iip_axi_mem/src/DW_axi.v
/home/mzm/git_work/npu/rtl/coreC/dw_iip_axi_mem/src/DW_axi-undef.v

