../../rtl/npu_bus/dw_iip_axi_mem/src/DW_axi_cc_constants.v
../../rtl/npu_bus/dw_iip_axi_mem/src/DW_axi_constants.v
../../rtl/npu_bus/dw_iip_axi_mem/src/DW_axi_bcm_params.v
../../rtl/npu_bus/dw_iip_axi_mem/src/DW_axi_bcm01.v
../../rtl/npu_bus/dw_iip_axi_mem/src/DW_axi_bcm06.v
../../rtl/npu_bus/dw_iip_axi_mem/src/DW_axi_arbiter_fae.v
../../rtl/npu_bus/dw_iip_axi_mem/src/DW_axi_arbiter_fcfs.v
../../rtl/npu_bus/dw_iip_axi_mem/src/DW_axi_bcm57.v
../../rtl/npu_bus/dw_iip_axi_mem/src/DW_axi_arbiter_dp.v
../../rtl/npu_bus/dw_iip_axi_mem/src/DW_axi_busmux.v
../../rtl/npu_bus/dw_iip_axi_mem/src/DW_axi_busdemux.v
../../rtl/npu_bus/dw_iip_axi_mem/src/DW_axi_multibusmux.v
../../rtl/npu_bus/dw_iip_axi_mem/src/DW_axi_busmux_ohsel.v
../../rtl/npu_bus/dw_iip_axi_mem/src/DW_axi_systolcl.v
../../rtl/npu_bus/dw_iip_axi_mem/src/DW_axi_lcltosys.v
../../rtl/npu_bus/dw_iip_axi_mem/src/DW_axi_irs.v
../../rtl/npu_bus/dw_iip_axi_mem/src/DW_axi_irs_arbpl.v
../../rtl/npu_bus/dw_iip_axi_mem/src/DW_axi_dcdr.v
../../rtl/npu_bus/dw_iip_axi_mem/src/DW_axi_mca_reqhold.v
../../rtl/npu_bus/dw_iip_axi_mem/src/DW_axi_arbpl.v
../../rtl/npu_bus/dw_iip_axi_mem/src/DW_axi_arb.v
../../rtl/npu_bus/dw_iip_axi_mem/src/DW_axi_mp_tzone.v
../../rtl/npu_bus/dw_iip_axi_mem/src/DW_axi_mp_idmask.v
../../rtl/npu_bus/dw_iip_axi_mem/src/DW_axi_mp_addrch.v
../../rtl/npu_bus/dw_iip_axi_mem/src/DW_axi_mp_drespch.v
../../rtl/npu_bus/dw_iip_axi_mem/src/DW_axi_mp_wdatach.v
../../rtl/npu_bus/dw_iip_axi_mem/src/DW_axi_aw_mtile_dlock.v
../../rtl/npu_bus/dw_iip_axi_mem/src/DW_axi_mp.v
../../rtl/npu_bus/dw_iip_axi_mem/src/DW_axi_sp_addrch.v
../../rtl/npu_bus/dw_iip_axi_mem/src/DW_axi_lockdec.v
../../rtl/npu_bus/dw_iip_axi_mem/src/DW_axi_sp_lockarb.v
../../rtl/npu_bus/dw_iip_axi_mem/src/DW_axi_sp_drespch.v
../../rtl/npu_bus/dw_iip_axi_mem/src/DW_axi_fifo_s1_sf.v
../../rtl/npu_bus/dw_iip_axi_mem/src/DW_axi_sp_wrorder.v
../../rtl/npu_bus/dw_iip_axi_mem/src/DW_axi_sp_shrd_wrorder.v
../../rtl/npu_bus/dw_iip_axi_mem/src/DW_axi_sp_wdatach.v
../../rtl/npu_bus/dw_iip_axi_mem/src/DW_axi_sp.v
../../rtl/npu_bus/dw_iip_axi_mem/src/DW_axi_sp_shrd.v
../../rtl/npu_bus/dw_iip_axi_mem/src/DW_axi_mp_shrd.v
../../rtl/npu_bus/dw_iip_axi_mem/src/DW_axi_dfltslv.v
../../rtl/npu_bus/dw_iip_axi_mem/src/DW_axi_dlock_cnt.v
../../rtl/npu_bus/dw_iip_axi_mem/src/DW_axi_dlock_mux.v
../../rtl/npu_bus/dw_iip_axi_mem/src/DW_axi_lpfsm.v
../../rtl/npu_bus/dw_iip_axi_mem/src/DW_axi_lp.v
../../rtl/npu_bus/dw_iip_axi_mem/src/DW_axi.v
../../rtl/npu_bus/dw_iip_axi_mem/src/DW_axi-undef.v

